[web.archive.org/web/20251107210346/http_/www.abefamilyheritage.com/index.html]
[web-static.archive.org/_static/js/bundle-playbackffba.js]
[web-static.archive.org/_static/js/wombat9b8c.js]
[web-static.archive.org/_static/js/ruffle/ruffle.js]
[web-static.archive.org/_static/css/banner-styles074f.css]
[web-static.archive.org/_static/css/iconochive29a7.css]
[backblue.gif]
[fade.gif]
[index.html]
[web.archive.org/web/20251107205922cs_/https_/www.blogger.com/static/v1/widgets/4128112664-css_bundle_v2.css]
[web.archive.org/web/20251107213056im_/https_/www.blogblog.com/1kt/awesomeinc/tabs_gradient_light.png]
[web.archive.org/web/20260206190334cs_/https_/www.blogger.com/dyn-css/authorization5d9b.css]
[web.archive.org/web/20251107205605js_/https_/apis.google.com/js/platform.js]
[web.archive.org/web/20251107211006/https_/pagead2.googlesyndication.com/pagead/js/f.txt]
[web.archive.org/web/20240526022338/https_/blogger.googleusercontent.com/img/b/R29vZ2xl/AVvXsEjtq1TQJvn3zsIWTQdLR5KqqEl17pv_e0Zgv-Sc8A1/s1600/John and Sophia Senn.jpg]
[web.archive.org/web/20240525211718im_/https_/blogger.googleusercontent.com/img/b/R29vZ2xl/AVvXsEjtq1TQJvn3zsIWTQdLR5KqqEl17pv_e0Zgv-Sc8A1/s320/John and Sophia Senn.jpg]
[web.archive.org/web/20240525223907/https_/blogger.googleusercontent.com/img/b/R29vZ2xl/AVvXsEiDPcDfydcPReBvBhOZBa54oPIlqfo85Ecx-uxs28V/s1600/Hanson John Jacob Senn.jpg]
[web.archive.org/web/20260206190320im_/https_/blogger.googleusercontent.com/img/b/R29vZ2xl/AVvXsEiDPcDfydcPReBvBhOZBa54oPIlqfo85Ecx-uxs28V/s320/Hanson John Jacob Senn.jpg]
[web.archive.org/web/20251107205544im_/https_/resources.blogblog.com/img/icon18_email.gif]
[web.archive.org/web/20251107210346im_/https_/resources.blogblog.com/img/icon18_edit_allbkg.gif]
[web.archive.org/web/20251107210346/http_/www.abefamilyheritage.com/search/label/Generation 4]
[web.archive.org/web/20240527133248/https_/blogger.googleusercontent.com/img/b/R29vZ2xl/AVvXsEg5lKWO4usa-QH_jkfEBsEP-m8eIL8UBakozxdEajW/s1600/Henry and Bertha Abe - a.jpg]
[web.archive.org/web/20240527114638im_/https_/blogger.googleusercontent.com/img/b/R29vZ2xl/AVvXsEg5lKWO4usa-QH_jkfEBsEP-m8eIL8UBakozxdEajW/s320/Henry and Bertha Abe - a.jpg]
[web.archive.org/web/20250125205655/https_/blogger.googleusercontent.com/img/b/R29vZ2xl/AVvXsEjhYPKXLiwXzCfwovy3TcSNANaxXsXKE9OBbL2wC2O/s1600/Henry Abe Farm - First House - early 1920's.jpg]
[web.archive.org/web/20240527185652im_/https_/blogger.googleusercontent.com/img/b/R29vZ2xl/AVvXsEjhYPKXLiwXzCfwovy3TcSNANaxXsXKE9OBbL2wC2O/s320/Henry Abe Farm - First House - early 1920's.jpg]
[web.archive.org/web/20240527174752/https_/blogger.googleusercontent.com/img/b/R29vZ2xl/AVvXsEjr5X4fkuVQN317ntK5ubF6AFGqns3uMFzwqYe7PAS/s1600/Henry Nicholas Abe & Family.jpg]
[web.archive.org/web/20240527193208im_/https_/blogger.googleusercontent.com/img/b/R29vZ2xl/AVvXsEjr5X4fkuVQN317ntK5ubF6AFGqns3uMFzwqYe7PAS/s320/Henry Nicholas Abe & Family.jpg]
[web.archive.org/web/20250125223532/https_/blogger.googleusercontent.com/img/b/R29vZ2xl/AVvXsEjJGqKCtMkXnWpecCxpUUU-OFzxOx5AFYMVKEcuHMt/s1600/Henry and Bertha Abe - 3a.jpg]
[web.archive.org/web/20240527142617im_/https_/blogger.googleusercontent.com/img/b/R29vZ2xl/AVvXsEjJGqKCtMkXnWpecCxpUUU-OFzxOx5AFYMVKEcuHMt/s320/Henry and Bertha Abe - 3a.jpg]
[web.archive.org/web/20250124124829/https_/blogger.googleusercontent.com/img/b/R29vZ2xl/AVvXsEgMSQKPi26cQS_mjmZd6P2L6ZCsgPmmvFTEx_ISm62/s1600/Henry Nicholas Abe Farm - New House.jpg]
[web.archive.org/web/20250124143311im_/https_/blogger.googleusercontent.com/img/b/R29vZ2xl/AVvXsEgMSQKPi26cQS_mjmZd6P2L6ZCsgPmmvFTEx_ISm62/s320/Henry Nicholas Abe Farm - New House.jpg]
[web.archive.org/web/20240527144154/https_/blogger.googleusercontent.com/img/b/R29vZ2xl/AVvXsEjJZQtBZ7RAk7mT-uac7DI4WMJWutCBqw_Tu27PHhc/s1600/Henry Nicholas and Bertha Viola Abe.jpg]
[web.archive.org/web/20240527150418im_/https_/blogger.googleusercontent.com/img/b/R29vZ2xl/AVvXsEjJZQtBZ7RAk7mT-uac7DI4WMJWutCBqw_Tu27PHhc/s320/Henry Nicholas and Bertha Viola Abe.jpg]
[web.archive.org/web/20251107210346/http_/www.abefamilyheritage.com/searchf157]
[web.archive.org/web/20240906084838im_/https_/blogger.googleusercontent.com/img/b/R29vZ2xl/AVvXsEivOIDi_LcHTReKXqmNPBgZk8lkfZYMLm2U8nWvp80/s250/IMG_0347c.jpg]
[web.archive.org/web/20251107210346/http_/www.abefamilyheritage.com/search/label/Cemeteries.4e.delayed]
[web.archive.org/web/20251107210346/http_/www.abefamilyheritage.com/search/label/Civil War]
[web.archive.org/web/20251107210346/http_/www.abefamilyheritage.com/search/label/Deeds.50.delayed]
[web.archive.org/web/20251107210346/http_/www.abefamilyheritage.com/search/label/Generation 1.51.delayed]
[web.archive.org/web/20251107210346/http_/www.abefamilyheritage.com/search/label/Generation 2.52.delayed]
[web.archive.org/web/20251107210346/http_/www.abefamilyheritage.com/search/label/Generation 3]
[web.archive.org/web/20251107210346/http_/www.abefamilyheritage.com/search/label/History and Historical Monuments]
[web.archive.org/web/20251107210346/http_/www.abefamilyheritage.com/search/label/Notes or Editorials]
[web.archive.org/web/20251107210346/http_/www.abefamilyheritage.com/search/label/Old Furnace Church]
[web.archive.org/web/20251107210346/http_/www.abefamilyheritage.com/search/label/Wills]
[web.archive.org/web/20251107205510js_/https_/www.blogger.com/static/v1/widgets/1601900224-widgets.js]
[web.archive.org/web/20251107210346/http_/www.abefamilyheritage.com/index.html]
[web-static.archive.org/_static/css/banner-styles074f.css]
[web-static.archive.org/_static/css/iconochive29a7.css]
[web.archive.org/web/20251107205512im_/https_/www.blogger.com/img/widgets/stats-flipper.png]
[resources.blogblog.com/img/widgets/s_top.png]
[web.archive.org/web/20251107205512im_/https_/resources.blogblog.com/img/widgets/s_top.png]
[web.archive.org/web/20251107205922cs_/https_/www.blogger.com/static/v1/widgets/4128112664-css_bundle_v2.css]
[web.archive.org/web/20260206190334cs_/https_/www.blogger.com/dyn-css/authorization5d9b.css]
[web.archive.org/web/20251107210346im_/https_/resources.blogblog.com/img/icon18_edit_allbkg.html]
[web.archive.org/web/20251107210346/http_/www.abefamilyheritage.com/search/label/Generation 4.html]
[web.archive.org/web/20251107210346/http_/www.abefamilyheritage.com/searchf157.html]
[web.archive.org/web/20251107210346/http_/www.abefamilyheritage.com/2010/index.html]
[web.archive.org/web/20251107210346/http_/www.abefamilyheritage.com/2010/06/index.html]
[web.archive.org/web/20251107210346/http_/www.abefamilyheritage.com/2010/07/index.html]
[web.archive.org/web/20251107210346/http_/www.abefamilyheritage.com/2010/08/index.html]
[web.archive.org/web/20251107210346/http_/www.abefamilyheritage.com/2010/09/index.html]
[web.archive.org/web/20251107210346/http_/www.abefamilyheritage.com/2010/10/index.html]
[web.archive.org/web/20251107210346/http_/www.abefamilyheritage.com/2010/11/index.html]
[web.archive.org/web/20251107210346/http_/www.abefamilyheritage.com/2010/12/index.html]
[web.archive.org/web/20251107210346/http_/www.abefamilyheritage.com/2011/index.html]
[web.archive.org/web/20251107210346/http_/www.abefamilyheritage.com/2011/01/index.html]
[web.archive.org/web/20251107210346/http_/www.abefamilyheritage.com/2011/03/index.html]
[web.archive.org/web/20251107210346/http_/www.abefamilyheritage.com/2011/04/index.html]
[web.archive.org/web/20251107210346/http_/www.abefamilyheritage.com/2011/05/index.html]
[web.archive.org/web/20251107210346/http_/www.abefamilyheritage.com/2011/06/index.html]
[web.archive.org/web/20251107210346/http_/www.abefamilyheritage.com/2011/07/index.html]
[web.archive.org/web/20251107210346/http_/www.abefamilyheritage.com/2011/08/index.html]
[web.archive.org/web/20251107210346/http_/www.abefamilyheritage.com/2011/09/index.html]
[web.archive.org/web/20251107210346/http_/www.abefamilyheritage.com/2011/10/index.html]
[web.archive.org/web/20251107210346/http_/www.abefamilyheritage.com/2011/12/index.html]
[web.archive.org/web/20251107210346/http_/www.abefamilyheritage.com/search/label/Cemeteries.html]
[web.archive.org/web/20251107210346/http_/www.abefamilyheritage.com/search/label/Civil War.html]
[web.archive.org/web/20251107210346/http_/www.abefamilyheritage.com/search/label/Deeds.html]
[web.archive.org/web/20251107210346/http_/www.abefamilyheritage.com/search/label/Generation 1.html]
[web.archive.org/web/20251107210346/http_/www.abefamilyheritage.com/search/label/Generation 2.html]
[web.archive.org/web/20251107210346/http_/www.abefamilyheritage.com/search/label/Generation 3.html]
[web.archive.org/web/20251107210346/http_/www.abefamilyheritage.com/search/label/History and Historical Monuments.html]
[web.archive.org/web/20251107210346/http_/www.abefamilyheritage.com/search/label/Notes or Editorials.html]
[web.archive.org/web/20251107210346/http_/www.abefamilyheritage.com/search/label/Old Furnace Church.html]
[web.archive.org/web/20251107210346/http_/www.abefamilyheritage.com/search/label/Wills.html]
